// Jest Snapshot v1, https://goo.gl/fbAQLP

exports[`ooth-roles admin can set roles 1`] = `
Object {
  "message": "Roles set.",
  "user": Object {
    "_id": "5a7e0200ea0c6d7078745fa0",
    "roles": Object {
      "roles": Array [
        "admin",
        "editor",
      ],
    },
  },
}
`;

exports[`ooth-roles nonadmin can't set roles 1`] = `
Object {
  "message": "Only an admin can set roles.",
  "status": "error",
}
`;
